
> tournament_fixer@0.1.0 build
> next build

Γû▓ Next.js 16.1.6 (Turbopack)
- Environments: .env.local

  Creating an optimized production build ...
node.exe : 
At line:1 char:1
+ & "C:\Program 
Files\nodejs/node.exe" 
"C:\Program 
Files\nodejs/node_mo 
...
+ ~~~~~~~~~~~~~~~~~~~~~
~~~~~~~~~~~~~~~~~~~~~~~
~~~~~~~~~~~~~~~~~~~~~~~
~~
    + CategoryInfo     
         : NotSpecifi  
  ed: (:String) [],    
 RemoteException
    + FullyQualifiedEr 
   rorId : NativeComm  
  andError
 
> Build error occurred
Error: Turbopack build 
failed with 19 errors:
./src/app/profile/page.
tsx:130:20
Parsing ecmascript 
source code failed
[0m [90m 128 |[39m  
           [33m<[39m
[33m/[39m[33mform[39
m[33m>[39m
 [90m 129 |[39m      
     [33m<[39m[33m/
[39m[33mCardContent[3
9m[33m>[39m
[31m[1m>[22m[39m[9
0m 130 |[39m         
[33m<[39m[33m/[39m[
33mCardCard[39m[33m>
[39m
 [90m     |[39m      
              
[31m[1m^[22m[39m
[31m[1m>[22m[39m[9
0m 131 |[39m         
 [90m     |[39m [31m
[1m^[22m[39m[31m[1
m^[22m[39m[31m[1m^
[22m[39m[31m[1m^[22
m[39m[31m[1m^[22m[
39m[31m[1m^[22m[39m
[31m[1m^[22m[39m[3
1m[1m^[22m[39m
[31m[1m>[22m[39m[9
0m 132 |[39m         
[33m<[39m[33mdiv[39m
 className[33m=[39m[
32m"space-y-6"[39m[33
m>[39m
 [90m     |[39m [31m
[1m^[22m[39m[31m[1
m^[22m[39m[31m[1m^
[22m[39m[31m[1m^[22
m[39m[31m[1m^[22m[
39m[31m[1m^[22m[39m
[31m[1m^[22m[39m[3
1m[1m^[22m[39m[31m
[1m^[22m[39m
 [90m 133 |[39m      
      {[90m/* 
Placeholder for 
participant's 
registered tournaments 
*/[39m}
 [90m 134 |[39m      
      [33m<[39m[33mC
ard[39m className[33m
=[39m[32m"bg-card/30 
border-border/50 
border-dashed relative 
overflow-hidden"[39m[
33m>[39m
 [90m 135 |[39m      
          [33m<[39m[
33mdiv[39m className[
33m=[39m[32m"absolute
 inset-0 
bg-gradient-to-br 
from-primary/5 
to-transparent"[39m [
33m/[39m[33m>[39m[0
m

Expected '</', got 
'jsx text'


./src/app/admin/layout.
tsx:1:1
Module not found: 
Can't resolve '@/compon
ents/admin-sidebar'
[0m[31m[1m>[22m[39
m[90m 1 |[39m 
[36mimport[39m { 
[33mAdminSidebar[39m 
} [36mfrom[39m [32m"
@/components/admin-side
bar"[39m[33m;[39m
 [90m   |[39m [31m[
1m^[22m[39m[31m[1m^
[22m[39m[31m[1m^[2
2m[39m[31m[1m^[22m
[39m[31m[1m^[22m[39
m[31m[1m^[22m[39m[
31m[1m^[22m[39m[31m
[1m^[22m[39m[31m[1
m^[22m[39m[31m[1m^
[22m[39m[31m[1m^[22
m[39m[31m[1m^[22m[
39m[31m[1m^[22m[39m
[31m[1m^[22m[39m[3
1m[1m^[22m[39m[31m
[1m^[22m[39m[31m[1m
^[22m[39m[31m[1m^[
22m[39m[31m[1m^[22m
[39m[31m[1m^[22m[3
9m[31m[1m^[22m[39m
[31m[1m^[22m[39m[31
m[1m^[22m[39m[31m[
1m^[22m[39m[31m[1m^
[22m[39m[31m[1m^[2
2m[39m[31m[1m^[22m
[39m[31m[1m^[22m[39
m[31m[1m^[22m[39m[
31m[1m^[22m[39m[31m
[1m^[22m[39m[31m[1
m^[22m[39m[31m[1m^
[22m[39m[31m[1m^[22
m[39m[31m[1m^[22m[
39m[31m[1m^[22m[39m
[31m[1m^[22m[39m[3
1m[1m^[22m[39m[31m
[1m^[22m[39m[31m[1m
^[22m[39m[31m[1m^[
22m[39m[31m[1m^[22m
[39m[31m[1m^[22m[3
9m[31m[1m^[22m[39m
[31m[1m^[22m[39m[31
m[1m^[22m[39m[31m[
1m^[22m[39m[31m[1m^
[22m[39m[31m[1m^[2
2m[39m[31m[1m^[22m
[39m[31m[1m^[22m[39
m[31m[1m^[22m[39m[
31m[1m^[22m[39m[31m
[1m^[22m[39m[31m[1
m^[22m[39m[31m[1m^
[22m[39m[31m[1m^[22
m[39m[31m[1m^[22m[
39m
 [90m 2 |[39m
 [90m 3 |[39m 
[36mexport[39m 
[36mdefault[39m 
[36mfunction[39m [33
mAdminLayout[39m({ 
children }[33m:[39m 
{ children[33m:[39m 
[33mReact[39m[33m.[3
9m[33mReactNode[39m 
}) {
 [90m 4 |[39m   
[36mreturn[39m ([0m

Import map: aliased to 
relative './src/compone
nts/admin-sidebar' 
inside of [project]/


https://nextjs.org/docs
/messages/module-not-fo
und


./src/app/tournaments/[
id]/page.tsx:12:1
Module not found: 
Can't resolve '@/compon
ents/leaderboard-table'
[0m [90m 10 |[39m 
[36mimport[39m { 
[33mButton[39m } 
[36mfrom[39m [32m"@/
components/ui/button"[
39m[33m;[39m
 [90m 11 |[39m 
[36mimport[39m 
[33mLink[39m 
[36mfrom[39m [32m"ne
xt/link"[39m[33m;[39
m
[31m[1m>[22m[39m[9
0m 12 |[39m 
[36mimport[39m { [33
mLeaderboardTable[39m 
} [36mfrom[39m [32m"
@/components/leaderboar
d-table"[39m[33m;[39
m
 [90m    |[39m [31m
[1m^[22m[39m[31m[1m
^[22m[39m[31m[1m^[
22m[39m[31m[1m^[22m
[39m[31m[1m^[22m[3
9m[31m[1m^[22m[39m
[31m[1m^[22m[39m[31
m[1m^[22m[39m[31m[
1m^[22m[39m[31m[1m^
[22m[39m[31m[1m^[2
2m[39m[31m[1m^[22m
[39m[31m[1m^[22m[39
m[31m[1m^[22m[39m[
31m[1m^[22m[39m[31m
[1m^[22m[39m[31m[1
m^[22m[39m[31m[1m^
[22m[39m[31m[1m^[22
m[39m[31m[1m^[22m[
39m[31m[1m^[22m[39m
[31m[1m^[22m[39m[3
1m[1m^[22m[39m[31m
[1m^[22m[39m[31m[1m
^[22m[39m[31m[1m^[
22m[39m[31m[1m^[22m
[39m[31m[1m^[22m[3
9m[31m[1m^[22m[39m
[31m[1m^[22m[39m[31
m[1m^[22m[39m[31m[
1m^[22m[39m[31m[1m^
[22m[39m[31m[1m^[2
2m[39m[31m[1m^[22m
[39m[31m[1m^[22m[39
m[31m[1m^[22m[39m[
31m[1m^[22m[39m[31m
[1m^[22m[39m[31m[1
m^[22m[39m[31m[1m^
[22m[39m[31m[1m^[22
m[39m[31m[1m^[22m[
39m[31m[1m^[22m[39m
[31m[1m^[22m[39m[3
1m[1m^[22m[39m[31m
[1m^[22m[39m[31m[1m
^[22m[39m[31m[1m^[
22m[39m[31m[1m^[22m
[39m[31m[1m^[22m[3
9m[31m[1m^[22m[39m
[31m[1m^[22m[39m[31
m[1m^[22m[39m[31m[
1m^[22m[39m[31m[1m^
[22m[39m[31m[1m^[2
2m[39m[31m[1m^[22m
[39m[31m[1m^[22m[39
m[31m[1m^[22m[39m[
31m[1m^[22m[39m[31m
[1m^[22m[39m[31m[1
m^[22m[39m[31m[1m^
[22m[39m[31m[1m^[22
m[39m[31m[1m^[22m[
39m
 [90m 13 |[39m 
[36mimport[39m { [33
mTabs[39m[33m,[39m 
[33mTabsContent[39m[3
3m,[39m [33mTabsList
[39m[33m,[39m 
[33mTabsTrigger[39m 
} [36mfrom[39m [32m"
@/components/ui/tabs"[
39m[33m;[39m
 [90m 14 |[39m
 [90m 15 |[39m 
[36mexport[39m 
[36mdefault[39m 
[36mfunction[39m [33
mTournamentDetailsPage
[39m({ params 
}[33m:[39m { 
params[33m:[39m { 
id[33m:[39m string } 
}) {[0m

Import map: aliased to 
relative './src/compone
nts/leaderboard-table' 
inside of [project]/


Import traces:
  Client Component 
Browser:
    ./src/app/tournamen
ts/[id]/page.tsx 
[Client Component 
Browser]
    ./src/app/tournamen
ts/[id]/page.tsx 
[Server Component]

  Client Component SSR:
    ./src/app/tournamen
ts/[id]/page.tsx 
[Client Component SSR]
    ./src/app/tournamen
ts/[id]/page.tsx 
[Server Component]

https://nextjs.org/docs
/messages/module-not-fo
und


./src/app/layout.tsx:4:
1
Module not found: 
Can't resolve 
'@/components/navbar'
[0m [90m 2 |[39m 
[36mimport[39m { 
[33mInter[39m } 
[36mfrom[39m [32m"ne
xt/font/google"[39m[3
3m;[39m
 [90m 3 |[39m 
[36mimport[39m [32m"
./globals.css"[39m[33
m;[39m
[31m[1m>[22m[39m[9
0m 4 |[39m 
[36mimport[39m { 
[33mNavbar[39m } 
[36mfrom[39m [32m"@/
components/navbar"[39m
[33m;[39m
 [90m   |[39m [31m[
1m^[22m[39m[31m[1m^
[22m[39m[31m[1m^[2
2m[39m[31m[1m^[22m
[39m[31m[1m^[22m[39
m[31m[1m^[22m[39m[
31m[1m^[22m[39m[31m
[1m^[22m[39m[31m[1
m^[22m[39m[31m[1m^
[22m[39m[31m[1m^[22
m[39m[31m[1m^[22m[
39m[31m[1m^[22m[39m
[31m[1m^[22m[39m[3
1m[1m^[22m[39m[31m
[1m^[22m[39m[31m[1m
^[22m[39m[31m[1m^[
22m[39m[31m[1m^[22m
[39m[31m[1m^[22m[3
9m[31m[1m^[22m[39m
[31m[1m^[22m[39m[31
m[1m^[22m[39m[31m[
1m^[22m[39m[31m[1m^
[22m[39m[31m[1m^[2
2m[39m[31m[1m^[22m
[39m[31m[1m^[22m[39
m[31m[1m^[22m[39m[
31m[1m^[22m[39m[31m
[1m^[22m[39m[31m[1
m^[22m[39m[31m[1m^
[22m[39m[31m[1m^[22
m[39m[31m[1m^[22m[
39m[31m[1m^[22m[39m
[31m[1m^[22m[39m[3
1m[1m^[22m[39m[31m
[1m^[22m[39m[31m[1m
^[22m[39m[31m[1m^[
22m[39m[31m[1m^[22m
[39m[31m[1m^[22m[3
9m[31m[1m^[22m[39m
[31m[1m^[22m[39m
 [90m 5 |[39m 
[36mimport[39m { 
[33mAuthProvider[39m 
} [36mfrom[39m [32m"
@/lib/auth-context"[39
m[33m;[39m
 [90m 6 |[39m 
[36mimport[39m { 
[33mToaster[39m } 
[36mfrom[39m [32m"@/
components/ui/sonner"[
39m[33m;[39m
 [90m 7 |[39m[0m

Import map: aliased to 
relative './src/compone
nts/navbar' inside of 
[project]/


https://nextjs.org/docs
/messages/module-not-fo
und


./src/app/page.tsx:4:1
Module not found: 
Can't resolve '@/compon
ents/tournament-card'
[0m [90m 2 |[39m
 [90m 3 |[39m 
[36mimport[39m { 
useEffect[33m,[39m 
useState } 
[36mfrom[39m [32m"re
act"[39m[33m;[39m
[31m[1m>[22m[39m[9
0m 4 |[39m 
[36mimport[39m { [33
mTournamentCard[39m } 
[36mfrom[39m [32m"@/
components/tournament-c
ard"[39m[33m;[39m
 [90m   |[39m [31m[
1m^[22m[39m[31m[1m^
[22m[39m[31m[1m^[2
2m[39m[31m[1m^[22m
[39m[31m[1m^[22m[39
m[31m[1m^[22m[39m[
31m[1m^[22m[39m[31m
[1m^[22m[39m[31m[1
m^[22m[39m[31m[1m^
[22m[39m[31m[1m^[22
m[39m[31m[1m^[22m[
39m[31m[1m^[22m[39m
[31m[1m^[22m[39m[3
1m[1m^[22m[39m[31m
[1m^[22m[39m[31m[1m
^[22m[39m[31m[1m^[
22m[39m[31m[1m^[22m
[39m[31m[1m^[22m[3
9m[31m[1m^[22m[39m
[31m[1m^[22m[39m[31
m[1m^[22m[39m[31m[
1m^[22m[39m[31m[1m^
[22m[39m[31m[1m^[2
2m[39m[31m[1m^[22m
[39m[31m[1m^[22m[39
m[31m[1m^[22m[39m[
31m[1m^[22m[39m[31m
[1m^[22m[39m[31m[1
m^[22m[39m[31m[1m^
[22m[39m[31m[1m^[22
m[39m[31m[1m^[22m[
39m[31m[1m^[22m[39m
[31m[1m^[22m[39m[3
1m[1m^[22m[39m[31m
[1m^[22m[39m[31m[1m
^[22m[39m[31m[1m^[
22m[39m[31m[1m^[22m
[39m[31m[1m^[22m[3
9m[31m[1m^[22m[39m
[31m[1m^[22m[39m[31
m[1m^[22m[39m[31m[
1m^[22m[39m[31m[1m^
[22m[39m[31m[1m^[2
2m[39m[31m[1m^[22m
[39m[31m[1m^[22m[39
m[31m[1m^[22m[39m[
31m[1m^[22m[39m[31m
[1m^[22m[39m[31m[1
m^[22m[39m[31m[1m^
[22m[39m[31m[1m^[22
m[39m[31m[1m^[22m[
39m[31m[1m^[22m[39m
[31m[1m^[22m[39m[3
1m[1m^[22m[39m[31m
[1m^[22m[39m
 [90m 5 |[39m 
[36mimport[39m { 
getTournaments } 
[36mfrom[39m [32m"@/
lib/db"[39m[33m;[39m
 [90m 6 |[39m 
[36mimport[39m { 
[33mTournament[39m } 
[36mfrom[39m [32m"@/
types"[39m[33m;[39m
 [90m 7 |[39m 
[36mimport[39m { [33
mGamepad2[39m[33m,[3
9m [33mTrophy[39m[33
m,[39m [33mClock[39m
[33m,[39m 
[33mSearch[39m } 
[36mfrom[39m [32m"lu
cide-react"[39m[33m;
[39m[0m

Import map: aliased to 
relative './src/compone
nts/tournament-card' 
inside of [project]/


Import traces:
  Client Component 
Browser:
    ./src/app/page.tsx 
[Client Component 
Browser]
    ./src/app/page.tsx 
[Server Component]

  Client Component SSR:
    ./src/app/page.tsx 
[Client Component SSR]
    ./src/app/page.tsx 
[Server Component]

https://nextjs.org/docs
/messages/module-not-fo
und


./src/app/admin/admins/
page.tsx:3:1
Module not found: 
Can't resolve 
'@/lib/auth-context'
[0m [90m 1 |[39m 
[32m"use 
client"[39m[33m;[39m
 [90m 2 |[39m
[31m[1m>[22m[39m[9
0m 3 |[39m 
[36mimport[39m { 
useAuth } 
[36mfrom[39m [32m"@/
lib/auth-context"[39m
[33m;[39m
 [90m   |[39m [31m[
1m^[22m[39m[31m[1m^
[22m[39m[31m[1m^[2
2m[39m[31m[1m^[22m
[39m[31m[1m^[22m[39
m[31m[1m^[22m[39m[
31m[1m^[22m[39m[31m
[1m^[22m[39m[31m[1
m^[22m[39m[31m[1m^
[22m[39m[31m[1m^[22
m[39m[31m[1m^[22m[
39m[31m[1m^[22m[39m
[31m[1m^[22m[39m[3
1m[1m^[22m[39m[31m
[1m^[22m[39m[31m[1m
^[22m[39m[31m[1m^[
22m[39m[31m[1m^[22m
[39m[31m[1m^[22m[3
9m[31m[1m^[22m[39m
[31m[1m^[22m[39m[31
m[1m^[22m[39m[31m[
1m^[22m[39m[31m[1m^
[22m[39m[31m[1m^[2
2m[39m[31m[1m^[22m
[39m[31m[1m^[22m[39
m[31m[1m^[22m[39m[
31m[1m^[22m[39m[31m
[1m^[22m[39m[31m[1
m^[22m[39m[31m[1m^
[22m[39m[31m[1m^[22
m[39m[31m[1m^[22m[
39m[31m[1m^[22m[39m
[31m[1m^[22m[39m[3
1m[1m^[22m[39m[31m
[1m^[22m[39m[31m[1m
^[22m[39m[31m[1m^[
22m[39m[31m[1m^[22m
[39m[31m[1m^[22m[3
9m[31m[1m^[22m[39m
[31m[1m^[22m[39m
 [90m 4 |[39m 
[36mimport[39m { 
useRouter } 
[36mfrom[39m [32m"ne
xt/navigation"[39m[33
m;[39m
 [90m 5 |[39m 
[36mimport[39m { 
useEffect[33m,[39m 
useState } 
[36mfrom[39m [32m"re
act"[39m[33m;[39m
 [90m 6 |[39m 
[36mimport[39m { [33
mCard[39m[33m,[39m 
[33mCardContent[39m 
} [36mfrom[39m [32m"
@/components/ui/card"[
39m[33m;[39m[0m

Import map: aliased to 
relative './src/lib/aut
h-context' inside of 
[project]/


Import traces:
  Client Component 
Browser:
    ./src/app/admin/adm
ins/page.tsx [Client 
Component Browser]
    ./src/app/admin/adm
ins/page.tsx [Server 
Component]

  Client Component SSR:
    ./src/app/admin/adm
ins/page.tsx [Client 
Component SSR]
    ./src/app/admin/adm
ins/page.tsx [Server 
Component]

https://nextjs.org/docs
/messages/module-not-fo
und


./src/app/admin/dashboa
rd/page.tsx:3:1
Module not found: 
Can't resolve 
'@/lib/auth-context'
[0m [90m 1 |[39m 
[32m"use 
client"[39m[33m;[39m
 [90m 2 |[39m
[31m[1m>[22m[39m[9
0m 3 |[39m 
[36mimport[39m { 
useAuth } 
[36mfrom[39m [32m"@/
lib/auth-context"[39m
[33m;[39m
 [90m   |[39m [31m[
1m^[22m[39m[31m[1m^
[22m[39m[31m[1m^[2
2m[39m[31m[1m^[22m
[39m[31m[1m^[22m[39
m[31m[1m^[22m[39m[
31m[1m^[22m[39m[31m
[1m^[22m[39m[31m[1
m^[22m[39m[31m[1m^
[22m[39m[31m[1m^[22
m[39m[31m[1m^[22m[
39m[31m[1m^[22m[39m
[31m[1m^[22m[39m[3
1m[1m^[22m[39m[31m
[1m^[22m[39m[31m[1m
^[22m[39m[31m[1m^[
22m[39m[31m[1m^[22m
[39m[31m[1m^[22m[3
9m[31m[1m^[22m[39m
[31m[1m^[22m[39m[31
m[1m^[22m[39m[31m[
1m^[22m[39m[31m[1m^
[22m[39m[31m[1m^[2
2m[39m[31m[1m^[22m
[39m[31m[1m^[22m[39
m[31m[1m^[22m[39m[
31m[1m^[22m[39m[31m
[1m^[22m[39m[31m[1
m^[22m[39m[31m[1m^
[22m[39m[31m[1m^[22
m[39m[31m[1m^[22m[
39m[31m[1m^[22m[39m
[31m[1m^[22m[39m[3
1m[1m^[22m[39m[31m
[1m^[22m[39m[31m[1m
^[22m[39m[31m[1m^[
22m[39m[31m[1m^[22m
[39m[31m[1m^[22m[3
9m[31m[1m^[22m[39m
[31m[1m^[22m[39m
 [90m 4 |[39m 
[36mimport[39m { 
useRouter } 
[36mfrom[39m [32m"ne
xt/navigation"[39m[33
m;[39m
 [90m 5 |[39m 
[36mimport[39m { 
useEffect } 
[36mfrom[39m [32m"re
act"[39m[33m;[39m
 [90m 6 |[39m 
[36mimport[39m { [33
mCard[39m[33m,[39m 
[33mCardContent[39m[3
3m,[39m [33mCardHeade
r[39m[33m,[39m 
[33mCardTitle[39m } 
[36mfrom[39m [32m"@/
components/ui/card"[39
m[33m;[39m[0m

Import map: aliased to 
relative './src/lib/aut
h-context' inside of 
[project]/


Import traces:
  Client Component 
Browser:
    ./src/app/admin/das
hboard/page.tsx 
[Client Component 
Browser]
    ./src/app/admin/das
hboard/page.tsx 
[Server Component]

  Client Component SSR:
    ./src/app/admin/das
hboard/page.tsx 
[Client Component SSR]
    ./src/app/admin/das
hboard/page.tsx 
[Server Component]

https://nextjs.org/docs
/messages/module-not-fo
und


./src/app/admin/history
/page.tsx:3:1
Module not found: 
Can't resolve 
'@/lib/auth-context'
[0m [90m 1 |[39m 
[32m"use 
client"[39m[33m;[39m
 [90m 2 |[39m
[31m[1m>[22m[39m[9
0m 3 |[39m 
[36mimport[39m { 
useAuth } 
[36mfrom[39m [32m"@/
lib/auth-context"[39m
[33m;[39m
 [90m   |[39m [31m[
1m^[22m[39m[31m[1m^
[22m[39m[31m[1m^[2
2m[39m[31m[1m^[22m
[39m[31m[1m^[22m[39
m[31m[1m^[22m[39m[
31m[1m^[22m[39m[31m
[1m^[22m[39m[31m[1
m^[22m[39m[31m[1m^
[22m[39m[31m[1m^[22
m[39m[31m[1m^[22m[
39m[31m[1m^[22m[39m
[31m[1m^[22m[39m[3
1m[1m^[22m[39m[31m
[1m^[22m[39m[31m[1m
^[22m[39m[31m[1m^[
22m[39m[31m[1m^[22m
[39m[31m[1m^[22m[3
9m[31m[1m^[22m[39m
[31m[1m^[22m[39m[31
m[1m^[22m[39m[31m[
1m^[22m[39m[31m[1m^
[22m[39m[31m[1m^[2
2m[39m[31m[1m^[22m
[39m[31m[1m^[22m[39
m[31m[1m^[22m[39m[
31m[1m^[22m[39m[31m
[1m^[22m[39m[31m[1
m^[22m[39m[31m[1m^
[22m[39m[31m[1m^[22
m[39m[31m[1m^[22m[
39m[31m[1m^[22m[39m
[31m[1m^[22m[39m[3
1m[1m^[22m[39m[31m
[1m^[22m[39m[31m[1m
^[22m[39m[31m[1m^[
22m[39m[31m[1m^[22m
[39m[31m[1m^[22m[3
9m[31m[1m^[22m[39m
[31m[1m^[22m[39m
 [90m 4 |[39m 
[36mimport[39m { [33
mCopy[39m[33m,[39m 
[33mPlusCircle[39m } 
[36mfrom[39m [32m"lu
cide-react"[39m[33m;
[39m
 [90m 5 |[39m 
[36mimport[39m { 
[33mButton[39m } 
[36mfrom[39m [32m"@/
components/ui/button"[
39m[33m;[39m
 [90m 6 |[39m 
[36mimport[39m { [33
mCard[39m[33m,[39m 
[33mCardContent[39m[3
3m,[39m [33mCardHeade
r[39m[33m,[39m [33m
CardTitle[39m[33m,[3
9m [33mCardDescription
[39m } [36mfrom[39m 
[32m"@/components/ui/c
ard"[39m[33m;[39m[0
m

Import map: aliased to 
relative './src/lib/aut
h-context' inside of 
[project]/


Import traces:
  Client Component 
Browser:
    ./src/app/admin/his
tory/page.tsx [Client 
Component Browser]
    ./src/app/admin/his
tory/page.tsx [Server 
Component]

  Client Component SSR:
    ./src/app/admin/his
tory/page.tsx [Client 
Component SSR]
    ./src/app/admin/his
tory/page.tsx [Server 
Component]

https://nextjs.org/docs
/messages/module-not-fo
und


./src/app/admin/leaderb
oard/page.tsx:3:1
Module not found: 
Can't resolve 
'@/lib/auth-context'
[0m [90m 1 |[39m 
[32m"use 
client"[39m[33m;[39m
 [90m 2 |[39m
[31m[1m>[22m[39m[9
0m 3 |[39m 
[36mimport[39m { 
useAuth } 
[36mfrom[39m [32m"@/
lib/auth-context"[39m
[33m;[39m
 [90m   |[39m [31m[
1m^[22m[39m[31m[1m^
[22m[39m[31m[1m^[2
2m[39m[31m[1m^[22m
[39m[31m[1m^[22m[39
m[31m[1m^[22m[39m[
31m[1m^[22m[39m[31m
[1m^[22m[39m[31m[1
m^[22m[39m[31m[1m^
[22m[39m[31m[1m^[22
m[39m[31m[1m^[22m[
39m[31m[1m^[22m[39m
[31m[1m^[22m[39m[3
1m[1m^[22m[39m[31m
[1m^[22m[39m[31m[1m
^[22m[39m[31m[1m^[
22m[39m[31m[1m^[22m
[39m[31m[1m^[22m[3
9m[31m[1m^[22m[39m
[31m[1m^[22m[39m[31
m[1m^[22m[39m[31m[
1m^[22m[39m[31m[1m^
[22m[39m[31m[1m^[2
2m[39m[31m[1m^[22m
[39m[31m[1m^[22m[39
m[31m[1m^[22m[39m[
31m[1m^[22m[39m[31m
[1m^[22m[39m[31m[1
m^[22m[39m[31m[1m^
[22m[39m[31m[1m^[22
m[39m[31m[1m^[22m[
39m[31m[1m^[22m[39m
[31m[1m^[22m[39m[3
1m[1m^[22m[39m[31m
[1m^[22m[39m[31m[1m
^[22m[39m[31m[1m^[
22m[39m[31m[1m^[22m
[39m[31m[1m^[22m[3
9m[31m[1m^[22m[39m
[31m[1m^[22m[39m
 [90m 4 |[39m 
[36mimport[39m { [33
mCard[39m[33m,[39m 
[33mCardContent[39m[3
3m,[39m [33mCardHeade
r[39m[33m,[39m [33m
CardTitle[39m[33m,[3
9m [33mCardDescription
[39m } [36mfrom[39m 
[32m"@/components/ui/c
ard"[39m[33m;[39m
 [90m 5 |[39m 
[36mimport[39m { [33
mTrophy[39m[33m,[39m
 [33mRefreshCcw[39m 
} [36mfrom[39m [32m"
lucide-react"[39m[33m
;[39m
 [90m 6 |[39m 
[36mimport[39m { 
[33mButton[39m } 
[36mfrom[39m [32m"@/
components/ui/button"[
39m[33m;[39m[0m

Import map: aliased to 
relative './src/lib/aut
h-context' inside of 
[project]/


Import traces:
  Client Component 
Browser:
    ./src/app/admin/lea
derboard/page.tsx 
[Client Component 
Browser]
    ./src/app/admin/lea
derboard/page.tsx 
[Server Component]

  Client Component SSR:
    ./src/app/admin/lea
derboard/page.tsx 
[Client Component SSR]
    ./src/app/admin/lea
derboard/page.tsx 
[Server Component]

https://nextjs.org/docs
/messages/module-not-fo
und


./src/app/admin/tournam
ents/page.tsx:4:1
Module not found: 
Can't resolve 
'@/lib/auth-context'
[0m [90m 2 |[39m
 [90m 3 |[39m 
[36mimport[39m { 
useState[33m,[39m 
useEffect } 
[36mfrom[39m [32m"re
act"[39m[33m;[39m
[31m[1m>[22m[39m[9
0m 4 |[39m 
[36mimport[39m { 
useAuth } 
[36mfrom[39m [32m"@/
lib/auth-context"[39m
[33m;[39m
 [90m   |[39m [31m[
1m^[22m[39m[31m[1m^
[22m[39m[31m[1m^[2
2m[39m[31m[1m^[22m
[39m[31m[1m^[22m[39
m[31m[1m^[22m[39m[
31m[1m^[22m[39m[31m
[1m^[22m[39m[31m[1
m^[22m[39m[31m[1m^
[22m[39m[31m[1m^[22
m[39m[31m[1m^[22m[
39m[31m[1m^[22m[39m
[31m[1m^[22m[39m[3
1m[1m^[22m[39m[31m
[1m^[22m[39m[31m[1m
^[22m[39m[31m[1m^[
22m[39m[31m[1m^[22m
[39m[31m[1m^[22m[3
9m[31m[1m^[22m[39m
[31m[1m^[22m[39m[31
m[1m^[22m[39m[31m[
1m^[22m[39m[31m[1m^
[22m[39m[31m[1m^[2
2m[39m[31m[1m^[22m
[39m[31m[1m^[22m[39
m[31m[1m^[22m[39m[
31m[1m^[22m[39m[31m
[1m^[22m[39m[31m[1
m^[22m[39m[31m[1m^
[22m[39m[31m[1m^[22
m[39m[31m[1m^[22m[
39m[31m[1m^[22m[39m
[31m[1m^[22m[39m[3
1m[1m^[22m[39m[31m
[1m^[22m[39m[31m[1m
^[22m[39m[31m[1m^[
22m[39m[31m[1m^[22m
[39m[31m[1m^[22m[3
9m[31m[1m^[22m[39m
[31m[1m^[22m[39m
 [90m 5 |[39m 
[36mimport[39m { 
getTournaments } 
[36mfrom[39m [32m"@/
lib/db"[39m[33m;[39m
 [90m 6 |[39m 
[36mimport[39m { 
[33mTournament[39m } 
[36mfrom[39m [32m"@/
types"[39m[33m;[39m
 [90m 7 |[39m 
[36mimport[39m { [33
mCard[39m[33m,[39m 
[33mCardContent[39m[3
3m,[39m [33mCardHeade
r[39m[33m,[39m 
[33mCardTitle[39m } 
[36mfrom[39m [32m"@/
components/ui/card"[39
m[33m;[39m[0m

Import map: aliased to 
relative './src/lib/aut
h-context' inside of 
[project]/


Import traces:
  Client Component 
Browser:
    ./src/app/admin/tou
rnaments/page.tsx 
[Client Component 
Browser]
    ./src/app/admin/tou
rnaments/page.tsx 
[Server Component]

  Client Component SSR:
    ./src/app/admin/tou
rnaments/page.tsx 
[Client Component SSR]
    ./src/app/admin/tou
rnaments/page.tsx 
[Server Component]

https://nextjs.org/docs
/messages/module-not-fo
und


./src/app/layout.tsx:5:
1
Module not found: 
Can't resolve 
'@/lib/auth-context'
[0m [90m 3 |[39m 
[36mimport[39m [32m"
./globals.css"[39m[33
m;[39m
 [90m 4 |[39m 
[36mimport[39m { 
[33mNavbar[39m } 
[36mfrom[39m [32m"@/
components/navbar"[39m
[33m;[39m
[31m[1m>[22m[39m[9
0m 5 |[39m 
[36mimport[39m { 
[33mAuthProvider[39m 
} [36mfrom[39m [32m"
@/lib/auth-context"[39
m[33m;[39m
 [90m   |[39m [31m[
1m^[22m[39m[31m[1m^
[22m[39m[31m[1m^[2
2m[39m[31m[1m^[22m
[39m[31m[1m^[22m[39
m[31m[1m^[22m[39m[
31m[1m^[22m[39m[31m
[1m^[22m[39m[31m[1
m^[22m[39m[31m[1m^
[22m[39m[31m[1m^[22
m[39m[31m[1m^[22m[
39m[31m[1m^[22m[39m
[31m[1m^[22m[39m[3
1m[1m^[22m[39m[31m
[1m^[22m[39m[31m[1m
^[22m[39m[31m[1m^[
22m[39m[31m[1m^[22m
[39m[31m[1m^[22m[3
9m[31m[1m^[22m[39m
[31m[1m^[22m[39m[31
m[1m^[22m[39m[31m[
1m^[22m[39m[31m[1m^
[22m[39m[31m[1m^[2
2m[39m[31m[1m^[22m
[39m[31m[1m^[22m[39
m[31m[1m^[22m[39m[
31m[1m^[22m[39m[31m
[1m^[22m[39m[31m[1
m^[22m[39m[31m[1m^
[22m[39m[31m[1m^[22
m[39m[31m[1m^[22m[
39m[31m[1m^[22m[39m
[31m[1m^[22m[39m[3
1m[1m^[22m[39m[31m
[1m^[22m[39m[31m[1m
^[22m[39m[31m[1m^[
22m[39m[31m[1m^[22m
[39m[31m[1m^[22m[3
9m[31m[1m^[22m[39m
[31m[1m^[22m[39m[31
m[1m^[22m[39m[31m[
1m^[22m[39m[31m[1m^
[22m[39m[31m[1m^[2
2m[39m[31m[1m^[22m
[39m
 [90m 6 |[39m 
[36mimport[39m { 
[33mToaster[39m } 
[36mfrom[39m [32m"@/
components/ui/sonner"[
39m[33m;[39m
 [90m 7 |[39m
 [90m 8 |[39m 
[36mconst[39m inter 
[33m=[39m 
[33mInter[39m({ 
subsets[33m:[39m 
[[32m"latin"[39m] 
})[33m;[39m[0m

Import map: aliased to 
relative './src/lib/aut
h-context' inside of 
[project]/


https://nextjs.org/docs
/messages/module-not-fo
und


./src/app/tournaments/[
id]/register/page.tsx:7
:1
Module not found: 
Can't resolve 
'@/lib/auth-context'
[0m [90m  5 |[39m 
[36mimport[39m { 
doc[33m,[39m 
setDoc[33m,[39m 
getDoc } 
[36mfrom[39m [32m"fi
rebase/firestore"[39m
[33m;[39m
 [90m  6 |[39m 
[36mimport[39m { db 
} [36mfrom[39m [32m"
@/lib/firebase"[39m[3
3m;[39m
[31m[1m>[22m[39m[9
0m  7 |[39m 
[36mimport[39m { 
useAuth } 
[36mfrom[39m [32m"@/
lib/auth-context"[39m
[33m;[39m
 [90m    |[39m [31m
[1m^[22m[39m[31m[1m
^[22m[39m[31m[1m^[
22m[39m[31m[1m^[22m
[39m[31m[1m^[22m[3
9m[31m[1m^[22m[39m
[31m[1m^[22m[39m[31
m[1m^[22m[39m[31m[
1m^[22m[39m[31m[1m^
[22m[39m[31m[1m^[2
2m[39m[31m[1m^[22m
[39m[31m[1m^[22m[39
m[31m[1m^[22m[39m[
31m[1m^[22m[39m[31m
[1m^[22m[39m[31m[1
m^[22m[39m[31m[1m^
[22m[39m[31m[1m^[22
m[39m[31m[1m^[22m[
39m[31m[1m^[22m[39m
[31m[1m^[22m[39m[3
1m[1m^[22m[39m[31m
[1m^[22m[39m[31m[1m
^[22m[39m[31m[1m^[
22m[39m[31m[1m^[22m
[39m[31m[1m^[22m[3
9m[31m[1m^[22m[39m
[31m[1m^[22m[39m[31
m[1m^[22m[39m[31m[
1m^[22m[39m[31m[1m^
[22m[39m[31m[1m^[2
2m[39m[31m[1m^[22m
[39m[31m[1m^[22m[39
m[31m[1m^[22m[39m[
31m[1m^[22m[39m[31m
[1m^[22m[39m[31m[1
m^[22m[39m[31m[1m^
[22m[39m[31m[1m^[22
m[39m[31m[1m^[22m[
39m[31m[1m^[22m[39m
[31m[1m^[22m[39m
 [90m  8 |[39m 
[36mimport[39m { 
[33mButton[39m } 
[36mfrom[39m [32m"@/
components/ui/button"[
39m[33m;[39m
 [90m  9 |[39m 
[36mimport[39m { 
[33mInput[39m } 
[36mfrom[39m [32m"@/
components/ui/input"[3
9m[33m;[39m
 [90m 10 |[39m 
[36mimport[39m { 
[33mLabel[39m } 
[36mfrom[39m [32m"@/
components/ui/label"[3
9m[33m;[39m[0m

Import map: aliased to 
relative './src/lib/aut
h-context' inside of 
[project]/


Import traces:
  Client Component 
Browser:
    ./src/app/tournamen
ts/[id]/register/page.t
sx [Client Component 
Browser]
    ./src/app/tournamen
ts/[id]/register/page.t
sx [Server Component]

  Client Component SSR:
    ./src/app/tournamen
ts/[id]/register/page.t
sx [Client Component 
SSR]
    ./src/app/tournamen
ts/[id]/register/page.t
sx [Server Component]

https://nextjs.org/docs
/messages/module-not-fo
und


./src/app/admin/tournam
ents/page.tsx:5:1
Module not found: 
Can't resolve 
'@/lib/db'
[0m [90m 3 |[39m 
[36mimport[39m { 
useState[33m,[39m 
useEffect } 
[36mfrom[39m [32m"re
act"[39m[33m;[39m
 [90m 4 |[39m 
[36mimport[39m { 
useAuth } 
[36mfrom[39m [32m"@/
lib/auth-context"[39m
[33m;[39m
[31m[1m>[22m[39m[9
0m 5 |[39m 
[36mimport[39m { 
getTournaments } 
[36mfrom[39m [32m"@/
lib/db"[39m[33m;[39m
 [90m   |[39m [31m[
1m^[22m[39m[31m[1m^
[22m[39m[31m[1m^[2
2m[39m[31m[1m^[22m
[39m[31m[1m^[22m[39
m[31m[1m^[22m[39m[
31m[1m^[22m[39m[31m
[1m^[22m[39m[31m[1
m^[22m[39m[31m[1m^
[22m[39m[31m[1m^[22
m[39m[31m[1m^[22m[
39m[31m[1m^[22m[39m
[31m[1m^[22m[39m[3
1m[1m^[22m[39m[31m
[1m^[22m[39m[31m[1m
^[22m[39m[31m[1m^[
22m[39m[31m[1m^[22m
[39m[31m[1m^[22m[3
9m[31m[1m^[22m[39m
[31m[1m^[22m[39m[31
m[1m^[22m[39m[31m[
1m^[22m[39m[31m[1m^
[22m[39m[31m[1m^[2
2m[39m[31m[1m^[22m
[39m[31m[1m^[22m[39
m[31m[1m^[22m[39m[
31m[1m^[22m[39m[31m
[1m^[22m[39m[31m[1
m^[22m[39m[31m[1m^
[22m[39m[31m[1m^[22
m[39m[31m[1m^[22m[
39m[31m[1m^[22m[39m
[31m[1m^[22m[39m[3
1m[1m^[22m[39m[31m
[1m^[22m[39m[31m[1m
^[22m[39m[31m[1m^[
22m[39m[31m[1m^[22m
[39m
 [90m 6 |[39m 
[36mimport[39m { 
[33mTournament[39m } 
[36mfrom[39m [32m"@/
types"[39m[33m;[39m
 [90m 7 |[39m 
[36mimport[39m { [33
mCard[39m[33m,[39m 
[33mCardContent[39m[3
3m,[39m [33mCardHeade
r[39m[33m,[39m 
[33mCardTitle[39m } 
[36mfrom[39m [32m"@/
components/ui/card"[39
m[33m;[39m
 [90m 8 |[39m 
[36mimport[39m { [33
mTable[39m[33m,[39m 
[33mTableBody[39m[33
m,[39m [33mTableCell
[39m[33m,[39m [33mTa
bleHead[39m[33m,[39m
 [33mTableHeader[39m
[33m,[39m 
[33mTableRow[39m } 
[36mfrom[39m [32m"@/
components/ui/table"[3
9m[33m;[39m[0m

Import map: aliased to 
relative 
'./src/lib/db' inside 
of [project]/


Import traces:
  Client Component 
Browser:
    ./src/app/admin/tou
rnaments/page.tsx 
[Client Component 
Browser]
    ./src/app/admin/tou
rnaments/page.tsx 
[Server Component]

  Client Component SSR:
    ./src/app/admin/tou
rnaments/page.tsx 
[Client Component SSR]
    ./src/app/admin/tou
rnaments/page.tsx 
[Server Component]

https://nextjs.org/docs
/messages/module-not-fo
und


./src/app/page.tsx:5:1
Module not found: 
Can't resolve 
'@/lib/db'
[0m [90m 3 |[39m 
[36mimport[39m { 
useEffect[33m,[39m 
useState } 
[36mfrom[39m [32m"re
act"[39m[33m;[39m
 [90m 4 |[39m 
[36mimport[39m { [33
mTournamentCard[39m } 
[36mfrom[39m [32m"@/
components/tournament-c
ard"[39m[33m;[39m
[31m[1m>[22m[39m[9
0m 5 |[39m 
[36mimport[39m { 
getTournaments } 
[36mfrom[39m [32m"@/
lib/db"[39m[33m;[39m
 [90m   |[39m [31m[
1m^[22m[39m[31m[1m^
[22m[39m[31m[1m^[2
2m[39m[31m[1m^[22m
[39m[31m[1m^[22m[39
m[31m[1m^[22m[39m[
31m[1m^[22m[39m[31m
[1m^[22m[39m[31m[1
m^[22m[39m[31m[1m^
[22m[39m[31m[1m^[22
m[39m[31m[1m^[22m[
39m[31m[1m^[22m[39m
[31m[1m^[22m[39m[3
1m[1m^[22m[39m[31m
[1m^[22m[39m[31m[1m
^[22m[39m[31m[1m^[
22m[39m[31m[1m^[22m
[39m[31m[1m^[22m[3
9m[31m[1m^[22m[39m
[31m[1m^[22m[39m[31
m[1m^[22m[39m[31m[
1m^[22m[39m[31m[1m^
[22m[39m[31m[1m^[2
2m[39m[31m[1m^[22m
[39m[31m[1m^[22m[39
m[31m[1m^[22m[39m[
31m[1m^[22m[39m[31m
[1m^[22m[39m[31m[1
m^[22m[39m[31m[1m^
[22m[39m[31m[1m^[22
m[39m[31m[1m^[22m[
39m[31m[1m^[22m[39m
[31m[1m^[22m[39m[3
1m[1m^[22m[39m[31m
[1m^[22m[39m[31m[1m
^[22m[39m[31m[1m^[
22m[39m[31m[1m^[22m
[39m
 [90m 6 |[39m 
[36mimport[39m { 
[33mTournament[39m } 
[36mfrom[39m [32m"@/
types"[39m[33m;[39m
 [90m 7 |[39m 
[36mimport[39m { [33
mGamepad2[39m[33m,[3
9m [33mTrophy[39m[33
m,[39m [33mClock[39m
[33m,[39m 
[33mSearch[39m } 
[36mfrom[39m [32m"lu
cide-react"[39m[33m;
[39m
 [90m 8 |[39m 
[36mimport[39m { 
[33mInput[39m } 
[36mfrom[39m [32m"@/
components/ui/input"[3
9m[33m;[39m[0m

Import map: aliased to 
relative 
'./src/lib/db' inside 
of [project]/


Import traces:
  Client Component 
Browser:
    ./src/app/page.tsx 
[Client Component 
Browser]
    ./src/app/page.tsx 
[Server Component]

  Client Component SSR:
    ./src/app/page.tsx 
[Client Component SSR]
    ./src/app/page.tsx 
[Server Component]

https://nextjs.org/docs
/messages/module-not-fo
und


./src/app/tournaments/[
id]/page.tsx:4:1
Module not found: 
Can't resolve 
'@/lib/db'
[0m [90m 2 |[39m
 [90m 3 |[39m 
[36mimport[39m { 
useEffect[33m,[39m 
useState } 
[36mfrom[39m [32m"re
act"[39m[33m;[39m
[31m[1m>[22m[39m[9
0m 4 |[39m 
[36mimport[39m { getT
ournamentById[33m,[39
m getLeaderboardByTourn
ament[33m,[39m 
getMatchesByTournament 
} [36mfrom[39m [32m"
@/lib/db"[39m[33m;[3
9m
 [90m   |[39m [31m[
1m^[22m[39m[31m[1m^
[22m[39m[31m[1m^[2
2m[39m[31m[1m^[22m
[39m[31m[1m^[22m[39
m[31m[1m^[22m[39m[
31m[1m^[22m[39m[31m
[1m^[22m[39m[31m[1
m^[22m[39m[31m[1m^
[22m[39m[31m[1m^[22
m[39m[31m[1m^[22m[
39m[31m[1m^[22m[39m
[31m[1m^[22m[39m[3
1m[1m^[22m[39m[31m
[1m^[22m[39m[31m[1m
^[22m[39m[31m[1m^[
22m[39m[31m[1m^[22m
[39m[31m[1m^[22m[3
9m[31m[1m^[22m[39m
[31m[1m^[22m[39m[31
m[1m^[22m[39m[31m[
1m^[22m[39m[31m[1m^
[22m[39m[31m[1m^[2
2m[39m[31m[1m^[22m
[39m[31m[1m^[22m[39
m[31m[1m^[22m[39m[
31m[1m^[22m[39m[31m
[1m^[22m[39m[31m[1
m^[22m[39m[31m[1m^
[22m[39m[31m[1m^[22
m[39m[31m[1m^[22m[
39m[31m[1m^[22m[39m
[31m[1m^[22m[39m[3
1m[1m^[22m[39m[31m
[1m^[22m[39m[31m[1m
^[22m[39m[31m[1m^[
22m[39m[31m[1m^[22m
[39m[31m[1m^[22m[3
9m[31m[1m^[22m[39m
[31m[1m^[22m[39m[31
m[1m^[22m[39m[31m[
1m^[22m[39m[31m[1m^
[22m[39m[31m[1m^[2
2m[39m[31m[1m^[22m
[39m[31m[1m^[22m[39
m[31m[1m^[22m[39m[
31m[1m^[22m[39m[31m
[1m^[22m[39m[31m[1
m^[22m[39m[31m[1m^
[22m[39m[31m[1m^[22
m[39m[31m[1m^[22m[
39m[31m[1m^[22m[39m
[31m[1m^[22m[39m[3
1m[1m^[22m[39m[31m
[1m^[22m[39m[31m[1m
^[22m[39m[31m[1m^[
22m[39m[31m[1m^[22m
[39m[31m[1m^[22m[3
9m[31m[1m^[22m[39m
[31m[1m^[22m[39m[31
m[1m^[22m[39m[31m[
1m^[22m[39m[31m[1m^
[22m[39m[31m[1m^[2
2m[39m[31m[1m^[22m
[39m[31m[1m^[22m[39
m[31m[1m^[22m[39m[
31m[1m^[22m[39m[31m
[1m^[22m[39m[31m[1
m^[22m[39m[31m[1m^
[22m[39m[31m[1m^[22
m[39m[31m[1m^[22m[
39m[31m[1m^[22m[39m
[31m[1m^[22m[39m[3
1m[1m^[22m[39m[31m
[1m^[22m[39m[31m[1m
^[22m[39m[31m[1m^[
22m[39m[31m[1m^[22m
[39m[31m[1m^[22m[3
9m[31m[1m^[22m[39m
[31m[1m^[22m[39m[31
m[1m^[22m[39m[31m[
1m^[22m[39m[31m[1m^
[22m[39m[31m[1m^[2
2m[39m[31m[1m^[22m
[39m[31m[1m^[22m[39
m
 [90m 5 |[39m 
[36mimport[39m { [33
mTournament[39m[33m,
[39m [33mLeaderboardEn
try[39m[33m,[39m 
[33mMatch[39m } 
[36mfrom[39m [32m"@/
types"[39m[33m;[39m
 [90m 6 |[39m 
[36mimport[39m { 
[33mBadge[39m } 
[36mfrom[39m [32m"@/
components/ui/badge"[3
9m[33m;[39m
 [90m 7 |[39m 
[36mimport[39m { [33
mCard[39m[33m,[39m 
[33mCardContent[39m[3
3m,[39m [33mCardHeade
r[39m[33m,[39m 
[33mCardTitle[39m } 
[36mfrom[39m [32m"@/
components/ui/card"[39
m[33m;[39m[0m

Import map: aliased to 
relative 
'./src/lib/db' inside 
of [project]/


Import traces:
  Client Component 
Browser:
    ./src/app/tournamen
ts/[id]/page.tsx 
[Client Component 
Browser]
    ./src/app/tournamen
ts/[id]/page.tsx 
[Server Component]

  Client Component SSR:
    ./src/app/tournamen
ts/[id]/page.tsx 
[Client Component SSR]
    ./src/app/tournamen
ts/[id]/page.tsx 
[Server Component]

https://nextjs.org/docs
/messages/module-not-fo
und


./src/app/admin/partici
pants/page.tsx:5:1
Module not found: 
Can't resolve 
'@/lib/firebase'
[0m [90m 3 |[39m 
[36mimport[39m { 
useState[33m,[39m 
useEffect } 
[36mfrom[39m [32m"re
act"[39m[33m;[39m
 [90m 4 |[39m 
[36mimport[39m { 
collection[33m,[39m 
query[33m,[39m 
getDocs } 
[36mfrom[39m [32m"fi
rebase/firestore"[39m
[33m;[39m
[31m[1m>[22m[39m[9
0m 5 |[39m 
[36mimport[39m { db 
} [36mfrom[39m [32m"
@/lib/firebase"[39m[3
3m;[39m
 [90m   |[39m [31m[
1m^[22m[39m[31m[1m^
[22m[39m[31m[1m^[2
2m[39m[31m[1m^[22m
[39m[31m[1m^[22m[39
m[31m[1m^[22m[39m[
31m[1m^[22m[39m[31m
[1m^[22m[39m[31m[1
m^[22m[39m[31m[1m^
[22m[39m[31m[1m^[22
m[39m[31m[1m^[22m[
39m[31m[1m^[22m[39m
[31m[1m^[22m[39m[3
1m[1m^[22m[39m[31m
[1m^[22m[39m[31m[1m
^[22m[39m[31m[1m^[
22m[39m[31m[1m^[22m
[39m[31m[1m^[22m[3
9m[31m[1m^[22m[39m
[31m[1m^[22m[39m[31
m[1m^[22m[39m[31m[
1m^[22m[39m[31m[1m^
[22m[39m[31m[1m^[2
2m[39m[31m[1m^[22m
[39m[31m[1m^[22m[39
m[31m[1m^[22m[39m[
31m[1m^[22m[39m[31m
[1m^[22m[39m[31m[1
m^[22m[39m[31m[1m^
[22m[39m[31m[1m^[22
m[39m[31m[1m^[22m[
39m[31m[1m^[22m[39m
 [90m 6 |[39m 
[36mimport[39m { 
[33mParticipant[39m 
} [36mfrom[39m [32m"
@/types"[39m[33m;[39
m
 [90m 7 |[39m 
[36mimport[39m { [33
mCard[39m[33m,[39m 
[33mCardContent[39m 
} [36mfrom[39m [32m"
@/components/ui/card"[
39m[33m;[39m
 [90m 8 |[39m 
[36mimport[39m { [33
mTable[39m[33m,[39m 
[33mTableBody[39m[33
m,[39m [33mTableCell
[39m[33m,[39m [33mTa
bleHead[39m[33m,[39m
 [33mTableHeader[39m
[33m,[39m 
[33mTableRow[39m } 
[36mfrom[39m [32m"@/
components/ui/table"[3
9m[33m;[39m[0m

Import map: aliased to 
relative 
'./src/lib/firebase' 
inside of [project]/


Import traces:
  Client Component 
Browser:
    ./src/app/admin/par
ticipants/page.tsx 
[Client Component 
Browser]
    ./src/app/admin/par
ticipants/page.tsx 
[Server Component]

  Client Component SSR:
    ./src/app/admin/par
ticipants/page.tsx 
[Client Component SSR]
    ./src/app/admin/par
ticipants/page.tsx 
[Server Component]

https://nextjs.org/docs
/messages/module-not-fo
und


./src/app/login/page.ts
x:6:1
Module not found: 
Can't resolve 
'@/lib/firebase'
[0m [90m 4 |[39m 
[36mimport[39m { 
useRouter } 
[36mfrom[39m [32m"ne
xt/navigation"[39m[33
m;[39m
 [90m 5 |[39m 
[36mimport[39m { sign
InWithEmailAndPassword 
} [36mfrom[39m [32m"
firebase/auth"[39m[33
m;[39m
[31m[1m>[22m[39m[9
0m 6 |[39m 
[36mimport[39m { 
auth } [36mfrom[39m 
[32m"@/lib/firebase"[3
9m[33m;[39m
 [90m   |[39m [31m[
1m^[22m[39m[31m[1m^
[22m[39m[31m[1m^[2
2m[39m[31m[1m^[22m
[39m[31m[1m^[22m[39
m[31m[1m^[22m[39m[
31m[1m^[22m[39m[31m
[1m^[22m[39m[31m[1
m^[22m[39m[31m[1m^
[22m[39m[31m[1m^[22
m[39m[31m[1m^[22m[
39m[31m[1m^[22m[39m
[31m[1m^[22m[39m[3
1m[1m^[22m[39m[31m
[1m^[22m[39m[31m[1m
^[22m[39m[31m[1m^[
22m[39m[31m[1m^[22m
[39m[31m[1m^[22m[3
9m[31m[1m^[22m[39m
[31m[1m^[22m[39m[31
m[1m^[22m[39m[31m[
1m^[22m[39m[31m[1m^
[22m[39m[31m[1m^[2
2m[39m[31m[1m^[22m
[39m[31m[1m^[22m[39
m[31m[1m^[22m[39m[
31m[1m^[22m[39m[31m
[1m^[22m[39m[31m[1
m^[22m[39m[31m[1m^
[22m[39m[31m[1m^[22
m[39m[31m[1m^[22m[
39m[31m[1m^[22m[39m
[31m[1m^[22m[39m[3
1m[1m^[22m[39m
 [90m 7 |[39m 
[36mimport[39m { 
[33mButton[39m } 
[36mfrom[39m [32m"@/
components/ui/button"[
39m[33m;[39m
 [90m 8 |[39m 
[36mimport[39m { 
[33mInput[39m } 
[36mfrom[39m [32m"@/
components/ui/input"[3
9m[33m;[39m
 [90m 9 |[39m 
[36mimport[39m { 
[33mLabel[39m } 
[36mfrom[39m [32m"@/
components/ui/label"[3
9m[33m;[39m[0m

Import map: aliased to 
relative 
'./src/lib/firebase' 
inside of [project]/


Import traces:
  Client Component 
Browser:
    ./src/app/login/pag
e.tsx [Client 
Component Browser]
    ./src/app/login/pag
e.tsx [Server 
Component]

  Client Component SSR:
    ./src/app/login/pag
e.tsx [Client 
Component SSR]
    ./src/app/login/pag
e.tsx [Server 
Component]

https://nextjs.org/docs
/messages/module-not-fo
und


./src/app/register/page
.tsx:7:1
Module not found: 
Can't resolve 
'@/lib/firebase'
[0m [90m  5 |[39m 
[36mimport[39m { crea
teUserWithEmailAndPassw
ord } [36mfrom[39m [
32m"firebase/auth"[39m
[33m;[39m
 [90m  6 |[39m 
[36mimport[39m { 
doc[33m,[39m setDoc 
} [36mfrom[39m [32m"
firebase/firestore"[39
m[33m;[39m
[31m[1m>[22m[39m[9
0m  7 |[39m 
[36mimport[39m { 
auth[33m,[39m db } 
[36mfrom[39m [32m"@/
lib/firebase"[39m[33m
;[39m
 [90m    |[39m [31m
[1m^[22m[39m[31m[1m
^[22m[39m[31m[1m^[
22m[39m[31m[1m^[22m
[39m[31m[1m^[22m[3
9m[31m[1m^[22m[39m
[31m[1m^[22m[39m[31
m[1m^[22m[39m[31m[
1m^[22m[39m[31m[1m^
[22m[39m[31m[1m^[2
2m[39m[31m[1m^[22m
[39m[31m[1m^[22m[39
m[31m[1m^[22m[39m[
31m[1m^[22m[39m[31m
[1m^[22m[39m[31m[1
m^[22m[39m[31m[1m^
[22m[39m[31m[1m^[22
m[39m[31m[1m^[22m[
39m[31m[1m^[22m[39m
[31m[1m^[22m[39m[3
1m[1m^[22m[39m[31m
[1m^[22m[39m[31m[1m
^[22m[39m[31m[1m^[
22m[39m[31m[1m^[22m
[39m[31m[1m^[22m[3
9m[31m[1m^[22m[39m
[31m[1m^[22m[39m[31
m[1m^[22m[39m[31m[
1m^[22m[39m[31m[1m^
[22m[39m[31m[1m^[2
2m[39m[31m[1m^[22m
[39m[31m[1m^[22m[39
m[31m[1m^[22m[39m[
31m[1m^[22m[39m[31m
[1m^[22m[39m[31m[1
m^[22m[39m[31m[1m^
[22m[39m[31m[1m^[22
m[39m
 [90m  8 |[39m 
[36mimport[39m { 
[33mButton[39m } 
[36mfrom[39m [32m"@/
components/ui/button"[
39m[33m;[39m
 [90m  9 |[39m 
[36mimport[39m { 
[33mInput[39m } 
[36mfrom[39m [32m"@/
components/ui/input"[3
9m[33m;[39m
 [90m 10 |[39m 
[36mimport[39m { 
[33mLabel[39m } 
[36mfrom[39m [32m"@/
components/ui/label"[3
9m[33m;[39m[0m

Import map: aliased to 
relative 
'./src/lib/firebase' 
inside of [project]/


Import traces:
  Client Component 
Browser:
    ./src/app/register/
page.tsx [Client 
Component Browser]
    ./src/app/register/
page.tsx [Server 
Component]

  Client Component SSR:
    ./src/app/register/
page.tsx [Client 
Component SSR]
    ./src/app/register/
page.tsx [Server 
Component]

https://nextjs.org/docs
/messages/module-not-fo
und


./src/app/tournaments/[
id]/register/page.tsx:6
:1
Module not found: 
Can't resolve 
'@/lib/firebase'
[0m [90m 4 |[39m 
[36mimport[39m { 
useRouter } 
[36mfrom[39m [32m"ne
xt/navigation"[39m[33
m;[39m
 [90m 5 |[39m 
[36mimport[39m { 
doc[33m,[39m 
setDoc[33m,[39m 
getDoc } 
[36mfrom[39m [32m"fi
rebase/firestore"[39m
[33m;[39m
[31m[1m>[22m[39m[9
0m 6 |[39m 
[36mimport[39m { db 
} [36mfrom[39m [32m"
@/lib/firebase"[39m[3
3m;[39m
 [90m   |[39m [31m[
1m^[22m[39m[31m[1m^
[22m[39m[31m[1m^[2
2m[39m[31m[1m^[22m
[39m[31m[1m^[22m[39
m[31m[1m^[22m[39m[
31m[1m^[22m[39m[31m
[1m^[22m[39m[31m[1
m^[22m[39m[31m[1m^
[22m[39m[31m[1m^[22
m[39m[31m[1m^[22m[
39m[31m[1m^[22m[39m
[31m[1m^[22m[39m[3
1m[1m^[22m[39m[31m
[1m^[22m[39m[31m[1m
^[22m[39m[31m[1m^[
22m[39m[31m[1m^[22m
[39m[31m[1m^[22m[3
9m[31m[1m^[22m[39m
[31m[1m^[22m[39m[31
m[1m^[22m[39m[31m[
1m^[22m[39m[31m[1m^
[22m[39m[31m[1m^[2
2m[39m[31m[1m^[22m
[39m[31m[1m^[22m[39
m[31m[1m^[22m[39m[
31m[1m^[22m[39m[31m
[1m^[22m[39m[31m[1
m^[22m[39m[31m[1m^
[22m[39m[31m[1m^[22
m[39m[31m[1m^[22m[
39m[31m[1m^[22m[39m
 [90m 7 |[39m 
[36mimport[39m { 
useAuth } 
[36mfrom[39m [32m"@/
lib/auth-context"[39m
[33m;[39m
 [90m 8 |[39m 
[36mimport[39m { 
[33mButton[39m } 
[36mfrom[39m [32m"@/
components/ui/button"[
39m[33m;[39m
 [90m 9 |[39m 
[36mimport[39m { 
[33mInput[39m } 
[36mfrom[39m [32m"@/
components/ui/input"[3
9m[33m;[39m[0m

Import map: aliased to 
relative 
'./src/lib/firebase' 
inside of [project]/


Import traces:
  Client Component 
Browser:
    ./src/app/tournamen
ts/[id]/register/page.t
sx [Client Component 
Browser]
    ./src/app/tournamen
ts/[id]/register/page.t
sx [Server Component]

  Client Component SSR:
    ./src/app/tournamen
ts/[id]/register/page.t
sx [Client Component 
SSR]
    ./src/app/tournamen
ts/[id]/register/page.t
sx [Server Component]

https://nextjs.org/docs
/messages/module-not-fo
und


    at <unknown> (./src
/app/profile/page.tsx:1
30:20)
    at <unknown> (./src
/app/admin/layout.tsx:1
:1)
    at <unknown> (https
://nextjs.org/docs/mess
ages/module-not-found)
    at <unknown> (./src
/app/tournaments/[id]/p
age.tsx:12:1)
    at <unknown> (https
://nextjs.org/docs/mess
ages/module-not-found)
    at <unknown> (./src
/app/layout.tsx:4:1)
    at <unknown> (https
://nextjs.org/docs/mess
ages/module-not-found)
    at <unknown> (./src
/app/page.tsx:4:1)
    at <unknown> (https
://nextjs.org/docs/mess
ages/module-not-found)
    at <unknown> (./src
/app/admin/admins/page.
tsx:3:1)
    at <unknown> (https
://nextjs.org/docs/mess
ages/module-not-found)
    at <unknown> (./src
/app/admin/dashboard/pa
ge.tsx:3:1)
    at <unknown> (https
://nextjs.org/docs/mess
ages/module-not-found)
    at <unknown> (./src
/app/admin/history/page
.tsx:3:1)
    at <unknown> (https
://nextjs.org/docs/mess
ages/module-not-found)
    at <unknown> (./src
/app/admin/leaderboard/
page.tsx:3:1)
    at <unknown> (https
://nextjs.org/docs/mess
ages/module-not-found)
    at <unknown> (./src
/app/admin/tournaments/
page.tsx:4:1)
    at <unknown> (https
://nextjs.org/docs/mess
ages/module-not-found)
    at <unknown> (./src
/app/layout.tsx:5:1)
    at <unknown> (https
://nextjs.org/docs/mess
ages/module-not-found)
    at <unknown> (./src
/app/tournaments/[id]/r
egister/page.tsx:7:1)
    at <unknown> (https
://nextjs.org/docs/mess
ages/module-not-found)
    at <unknown> (./src
/app/admin/tournaments/
page.tsx:5:1)
    at <unknown> (https
://nextjs.org/docs/mess
ages/module-not-found)
    at <unknown> (./src
/app/page.tsx:5:1)
    at <unknown> (https
://nextjs.org/docs/mess
ages/module-not-found)
    at <unknown> (./src
/app/tournaments/[id]/p
age.tsx:4:1)
    at <unknown> (https
://nextjs.org/docs/mess
ages/module-not-found)
    at <unknown> (./src
/app/admin/participants
/page.tsx:5:1)
    at <unknown> (https
://nextjs.org/docs/mess
ages/module-not-found)
    at <unknown> (./src
/app/login/page.tsx:6:1
)
    at <unknown> (https
://nextjs.org/docs/mess
ages/module-not-found)
    at <unknown> (./src
/app/register/page.tsx:
7:1)
    at <unknown> (https
://nextjs.org/docs/mess
ages/module-not-found)
    at <unknown> (./src
/app/tournaments/[id]/r
egister/page.tsx:6:1)
    at <unknown> (https
://nextjs.org/docs/mess
ages/module-not-found)
